# dune build
# OCAMLPARAM: unset
# Shared cache: enabled-except-user-rules
# Shared cache location: /home/matthew/.cache/dune/db
# Workspace root: /home/matthew/Tutorials/Semantics_Langs
# Auto-detected concurrency: 16
# Dune context:
#  { name = "default"
#  ; kind = "default"
#  ; profile = Dev
#  ; merlin = true
#  ; fdo_target_exe = None
#  ; build_dir = In_build_dir "default"
#  ; instrument_with = []
#  }
$ /home/matthew/.opam/default/bin/ocamlc.opt -config > /tmp/dune_2c794d_output
$ (cd _build/default && /home/matthew/.opam/default/bin/ocamldep.opt -modules -impl lang.ml) > _build/default/.lang.eobjs/dune__exe__Lang.impl.d
$ (cd _build/default && /home/matthew/.opam/default/bin/ocamlopt.opt -w @1..3@5..28@30..39@43@46..47@49..57@61..62-40 -strict-sequence -strict-formats -short-paths -keep-locs -g -I .lang.eobjs/byte -I .lang.eobjs/native -cmi-file .lang.eobjs/byte/dune__exe__Lang.cmi -no-alias-deps -opaque -open Dune__exe -o .lang.eobjs/native/dune__exe__Lang.cmx -c -impl lang.ml)
> File "lang.ml", line 212, characters 8-20:
> 212 | let rec prettyreduce (e,s) = (Printf.printf "%s" ("      "^(prettyprintconfig (e,s))) ;
>               ^^^^^^^^^^^^
> Error (warning 39 [unused-rec-flag]): unused rec flag.
>
> File "lang.ml", line 2, characters 0-30:
> 2 | type store  = (loc * int) list 
>     ^^^^^^^^^^^^^^^^^^^^^^^^^^^^^^
> Error (warning 34 [unused-type-declaration]): unused type store.
>
> File "lang.ml", line 53, characters 16-22:
> 53 | type type_loc = Intref
>                      ^^^^^^
> Error (warning 37 [unused-constructor]): constructor Intref is never used to build values.
> (However, this constructor appears in patterns.)
>
> File "lang.ml", line 56, characters 0-35:
> 56 | type typeEnv = (loc* type_loc) list
>      ^^^^^^^^^^^^^^^^^^^^^^^^^^^^^^^^^^^
> Error (warning 34 [unused-type-declaration]): unused type typeEnv.
>
> File "lang.ml", line 59, characters 8-17:
> 59 | let rec infertype gamma e =
>              ^^^^^^^^^
> Error (warning 32 [unused-value-declaration]): unused value infertype.
>
> File "lang.ml", line 155, characters 8-16:
> 155 | let rec evaluate (e,s) =
>               ^^^^^^^^
> Error (warning 32 [unused-value-declaration]): unused value evaluate.
>
> File "lang.ml", line 229, characters 4-5:
> 229 | let e = While ( Op( Deref "l1" , GTEQ, Integer 1),
>           ^
> Error (warning 32 [unused-value-declaration]): unused value e.
>
> File "lang.ml", line 235, characters 4-5:
> 235 | let s = [("l1",10); ("l2", 1); ("l3", 0) ; ("l4", 0)]
>           ^
> Error (warning 32 [unused-value-declaration]): unused value s.
>
> File "lang.ml", line 240, characters 4-5:
> 240 | let e =
>           ^
> Error (warning 32 [unused-value-declaration]): unused value e.
>
> File "lang.ml", line 243, characters 4-5:
> 243 | let s = [("l0", 0) ; ("l1", 0)]
>           ^
> Error (warning 32 [unused-value-declaration]): unused value s.
>
> File "lang.ml", line 251, characters 4-5:
> 251 | let e = Op( Deref("l0"), Plus, Deref("l1"))
>           ^
> Error (warning 32 [unused-value-declaration]): unused value e.
>
> File "lang.ml", line 252, characters 4-5:
> 252 | let s= [("l0", 23); ("l1", 34)]
>           ^
> Error (warning 32 [unused-value-declaration]): unused value s.
[2]
